---
source: crates/integration-tests/src/tests/local_relationship.rs
expression: "run_connector_query(Connector::Chinook,\nquery_request().collection(\"Album\").query(query().predicate(is_in(target!(\"AlbumId\"),\n[json!(15), json!(91),\njson!(227)])).fields([relation_field!(\"tracks\" => \"tracks\",\nquery().aggregates([star_count_aggregate!(\"count\"),\n(\"average_price\",\ncolumn_aggregate(\"UnitPrice\",\n\"avg\").into()),]))]).order_by([asc!(\"_id\")])).relationships([(\"tracks\",\nrelationship(\"Track\", [(\"AlbumId\", &[\"AlbumId\"])]))])).await?"
---
- rows:
    - tracks:
        aggregates:
          average_price: 0.99
          count: 5
    - tracks:
        aggregates:
          average_price: 0.99
          count: 16
    - tracks:
        aggregates:
          average_price: 1.99
          count: 19
