---
source: crates/integration-tests/src/tests/native_query.rs
expression: "query(r#\"\n                query NativeQuery {\n                  hello(name: \"world\")\n                }\n            \"#).run().await?"
---
data:
  hello: world
errors: ~
